[renft-html.vercel.app/index.html]
[renft-html.vercel.app/assets/img/favicon.png]
[backblue.gif]
[fade.gif]
[index.html]
[renft-html.vercel.app/assets/css/bootstrap.min.css]
[renft-html.vercel.app/assets/css/fontawesome.min.css]
[renft-html.vercel.app/assets/css/animate.css]
[renft-html.vercel.app/assets/css/slick.min.css]
[renft-html.vercel.app/assets/css/odometer.css]
[renft-html.vercel.app/assets/css/style.css]
[renft-html.vercel.app/assets/img/logo.svg]
[renft-html.vercel.app/index-v2.html]
[renft-html.vercel.app/blog.html]
[renft-html.vercel.app/blog-details.html]
[renft-html.vercel.app/assets/img/hero_img_1.png]
[renft-html.vercel.app/assets/img/hero_circle_text.svg]
[renft-html.vercel.app/assets/img/hero_shape_1.svg]
[renft-html.vercel.app/assets/img/icons/icon_1.png]
[renft-html.vercel.app/assets/img/icons/icon_2.png]
[renft-html.vercel.app/assets/img/icons/icon_3.png]
[renft-html.vercel.app/assets/img/icons/icon_4.png]
[renft-html.vercel.app/assets/img/history_left_1.png]
[renft-html.vercel.app/assets/img/icons/tick.svg]
[renft-html.vercel.app/assets/img/collection_1.jpeg]
[renft-html.vercel.app/assets/img/collection_2.jpeg]
[renft-html.vercel.app/assets/img/collection_3.jpeg]
[renft-html.vercel.app/assets/img/collection_4.jpeg]
[renft-html.vercel.app/assets/img/collection_5.jpeg]
[renft-html.vercel.app/assets/img/vector_shape_1.png]
[renft-html.vercel.app/assets/img/team_1.png]
[renft-html.vercel.app/assets/img/team_2.png]
[renft-html.vercel.app/assets/img/team_3.png]
[renft-html.vercel.app/assets/img/team_4.png]
[renft-html.vercel.app/assets/img/post_1.jpeg]
[renft-html.vercel.app/assets/img/post_2.jpeg]
[renft-html.vercel.app/assets/img/post_3.jpeg]
[renft-html.vercel.app/assets/img/footer_bg.png]
[renft-html.vercel.app/assets/img/cta_img_1.png]
[renft-html.vercel.app/assets/img/footer_logo.svg]
[renft-html.vercel.app/assets/js/jquery-3.6.0.min.js]
[renft-html.vercel.app/assets/js/gsap.min.js]
[renft-html.vercel.app/assets/js/wow.min.js]
[renft-html.vercel.app/assets/js/jquery.slick.min.js]
[renft-html.vercel.app/assets/js/odometer.js]
[renft-html.vercel.app/index.html]
[renft-html.vercel.app/assets/css/bootstrap.min.css]
[renft-html.vercel.app/assets/js/main.js]
[renft-html.vercel.app/assets/fonts/fa-brands-400.woff2]
[renft-html.vercel.app/index-2.html]
[renft-html.vercel.app/assets/fonts/fa-brands-400.ttf]
[renft-html.vercel.app/assets/fonts/fa-regular-400.woff2]
[renft-html.vercel.app/assets/fonts/fa-regular-400.ttf]
[renft-html.vercel.app/assets/fonts/fa-solid-900.woff2]
[renft-html.vercel.app/assets/fonts/fa-solid-900.ttf]
[renft-html.vercel.app/assets/fonts/fa-v4compatibility.woff2]
[renft-html.vercel.app/assets/css/fontawesome.min.css]
[renft-html.vercel.app/assets/css/animate.css]
[renft-html.vercel.app/assets/css/slick.min.css]
[renft-html.vercel.app/assets/css/odometer.css]
[renft-html.vercel.app/assets/fonts/fa-v4compatibility.ttf]
[renft-html.vercel.app/assets/fonts/conthrax/conthrax-sb.ttf]
[renft-html.vercel.app/assets/fonts/urbanist/static/Urbanist-Bold.ttf]
[renft-html.vercel.app/assets/fonts/urbanist/static/Urbanist-Medium.ttf]
[renft-html.vercel.app/assets/fonts/urbanist/static/Urbanist-Regular.ttf]
[renft-html.vercel.app/assets/img/drag.png]
[renft-html.vercel.app/assets/css/style.css]
[renft-html.vercel.app/assets/img/logo.svg]
[renft-html.vercel.app/assets/img/hero_img_3.png]
[renft-html.vercel.app/assets/img/hero_img_2.png]
[renft-html.vercel.app/assets/img/hero_shape_2.svg]
[renft-html.vercel.app/assets/img/hero_shape_3.svg]
[renft-html.vercel.app/assets/img/about_img_1.png]
[renft-html.vercel.app/assets/img/history_left_2.png]
[renft-html.vercel.app/index-v2.html]
[renft-html.vercel.app/blog.html]
[renft-html.vercel.app/assets/img/cta_bg.svg]
[renft-html.vercel.app/assets/img/post_details_1.jpeg]
[renft-html.vercel.app/assets/img/post_details_2.jpeg]
[renft-html.vercel.app/blog-details.html]
[renft-html.vercel.app/assets/img/hero_circle_text.svg]
[renft-html.vercel.app/assets/img/hero_shape_1.svg]
[renft-html.vercel.app/assets/img/icons/tick.svg]
[renft-html.vercel.app/assets/img/footer_logo.svg]
[renft-html.vercel.app/index-2.html]
[renft-html.vercel.app/assets/img/hero_shape_2.svg]
[renft-html.vercel.app/assets/img/hero_shape_3.svg]
[renft-html.vercel.app/assets/img/cta_bg.svg]
